[2026-05-13T13:42:48.256177300] Dispatched: OFFER_RECEIVED for User 1 (Email: shukla.kumari7049@gmail.com)
[2026-05-13T13:45:31.106353200] Dispatched: OFFER_RECEIVED for User 1 (Email: shukla.kumari7049@gmail.com)
[2026-05-13T13:47:13.956305700] Dispatched: OFFER_RECEIVED for User 1 (Email: shukla.kumari7049@gmail.com)
[2026-05-13T13:51:40.801260500] Dispatched: STATUS_UPDATE for User 1 (Email: shukla.kumari7049@gmail.com)
[2026-05-13T13:52:34.849410100] Dispatched: OFFER_RECEIVED for User 1 (Email: shukla.kumari7049@gmail.com)
[2026-05-13T13:54:33.190568300] Dispatched: OFFER_ACCEPTED for User 1 (Email: test@test.com)
[2026-05-13T13:54:33.224902700] Dispatched: JOINING_INSTRUCTIONS for User 1 (Email: test@test.com)
[2026-05-13T13:54:33.284536300] Dispatched: STATUS_UPDATE for User 1 (Email: null)
[2026-05-13T13:54:33.296173] Dispatched: NEW_APPLICATION for User 20 (Email: admin@test.com)
[2026-05-13T13:54:33.361560100] Dispatched: OFFER_ACCEPTED for User 1 (Email: )
[2026-05-13T13:54:33.363092] Dispatched: JOINING_INSTRUCTIONS for User 1 (Email: )
[2026-05-13T13:54:33.464163800] Dispatched: OFFER_ACCEPTED for User 1 (Email: test@test.com)
[2026-05-13T13:54:33.466736100] Dispatched: JOINING_INSTRUCTIONS for User 1 (Email: test@test.com)
[2026-05-13T13:54:33.480563100] Dispatched: APPLICATION_SUBMITTED for User 10 (Email: candidate@test.com)
[2026-05-13T13:54:33.482768300] Dispatched: NEW_APPLICATION for User 20 (Email: candidate@test.com)
[2026-05-13T13:54:33.496559300] Dispatched: OFFER_ACCEPTED for User 1 (Email: test@test.com)
[2026-05-13T13:54:33.498271700] Dispatched: JOINING_INSTRUCTIONS for User 1 (Email: test@test.com)
[2026-05-13T13:54:33.506126700] Dispatched: CANDIDATE_JOINED for User 50 (Email: test@test.com)
[2026-05-13T13:54:33.521751400] Dispatched: OFFER_RECEIVED for User 1 (Email: candidate@test.com)
[2026-05-13T13:56:39.081390900] Dispatched: OFFER_ACCEPTED for User 1 (Email: test@test.com)
[2026-05-13T13:56:39.112610400] Dispatched: JOINING_INSTRUCTIONS for User 1 (Email: test@test.com)
[2026-05-13T13:56:39.169630] Dispatched: STATUS_UPDATE for User 1 (Email: null)
[2026-05-13T13:56:39.184836400] Dispatched: NEW_APPLICATION for User 20 (Email: admin@test.com)
[2026-05-13T13:56:39.255421] Dispatched: OFFER_ACCEPTED for User 1 (Email: )
[2026-05-13T13:56:39.256939900] Dispatched: JOINING_INSTRUCTIONS for User 1 (Email: )
[2026-05-13T13:56:39.286337700] Dispatched: OFFER_ACCEPTED for User 1 (Email: test@test.com)
[2026-05-13T13:56:39.287523400] Dispatched: JOINING_INSTRUCTIONS for User 1 (Email: test@test.com)
[2026-05-13T13:56:39.301714400] Dispatched: APPLICATION_SUBMITTED for User 10 (Email: candidate@test.com)
[2026-05-13T13:56:39.304003600] Dispatched: NEW_APPLICATION for User 20 (Email: candidate@test.com)
[2026-05-13T13:56:39.317724100] Dispatched: OFFER_ACCEPTED for User 1 (Email: test@test.com)
[2026-05-13T13:56:39.319645100] Dispatched: JOINING_INSTRUCTIONS for User 1 (Email: test@test.com)
[2026-05-13T13:56:39.328756800] Dispatched: CANDIDATE_JOINED for User 50 (Email: test@test.com)
[2026-05-13T13:56:39.342605600] Dispatched: OFFER_RECEIVED for User 1 (Email: candidate@test.com)
[2026-05-13T14:05:34.723521200] Dispatched: OFFER_ACCEPTED for User 1 (Email: test@test.com)
[2026-05-13T14:05:34.789612800] Dispatched: JOINING_INSTRUCTIONS for User 1 (Email: test@test.com)
[2026-05-13T14:05:34.865092800] Dispatched: STATUS_UPDATE for User 1 (Email: null)
[2026-05-13T14:05:34.880710] Dispatched: NEW_APPLICATION for User 20 (Email: admin@test.com)
[2026-05-13T14:05:34.980125] Dispatched: OFFER_ACCEPTED for User 1 (Email: )
[2026-05-13T14:05:34.981136100] Dispatched: JOINING_INSTRUCTIONS for User 1 (Email: )
[2026-05-13T14:05:35.025223300] Dispatched: OFFER_ACCEPTED for User 1 (Email: test@test.com)
[2026-05-13T14:05:35.026747400] Dispatched: JOINING_INSTRUCTIONS for User 1 (Email: test@test.com)
[2026-05-13T14:05:35.047092400] Dispatched: APPLICATION_SUBMITTED for User 10 (Email: candidate@test.com)
[2026-05-13T14:05:35.051147300] Dispatched: NEW_APPLICATION for User 20 (Email: candidate@test.com)
[2026-05-13T14:05:35.067397300] Dispatched: OFFER_ACCEPTED for User 1 (Email: test@test.com)
[2026-05-13T14:05:35.087356600] Dispatched: JOINING_INSTRUCTIONS for User 1 (Email: test@test.com)
[2026-05-13T14:05:35.103132400] Dispatched: CANDIDATE_JOINED for User 50 (Email: test@test.com)
[2026-05-13T14:05:35.124922500] Dispatched: OFFER_RECEIVED for User 1 (Email: candidate@test.com)
[2026-05-13T14:11:23.857838] Dispatched: OFFER_ACCEPTED for User 1 (Email: test@test.com)
[2026-05-13T14:11:23.933337600] Dispatched: JOINING_INSTRUCTIONS for User 1 (Email: test@test.com)
[2026-05-13T14:11:24.119621200] Dispatched: STATUS_UPDATE for User 1 (Email: null)
[2026-05-13T14:11:24.145614800] Dispatched: NEW_APPLICATION for User 20 (Email: admin@test.com)
[2026-05-13T14:11:24.280064200] Dispatched: OFFER_ACCEPTED for User 1 (Email: )
[2026-05-13T14:11:24.283508900] Dispatched: JOINING_INSTRUCTIONS for User 1 (Email: )
[2026-05-13T14:11:24.333294400] Dispatched: OFFER_ACCEPTED for User 1 (Email: test@test.com)
[2026-05-13T14:11:24.335311300] Dispatched: JOINING_INSTRUCTIONS for User 1 (Email: test@test.com)
[2026-05-13T14:11:24.353561700] Dispatched: APPLICATION_SUBMITTED for User 10 (Email: candidate@test.com)
[2026-05-13T14:11:24.356100200] Dispatched: NEW_APPLICATION for User 20 (Email: candidate@test.com)
[2026-05-13T14:11:24.370359700] Dispatched: OFFER_ACCEPTED for User 1 (Email: test@test.com)
[2026-05-13T14:11:24.371872600] Dispatched: JOINING_INSTRUCTIONS for User 1 (Email: test@test.com)
[2026-05-13T14:11:24.387769] Dispatched: CANDIDATE_JOINED for User 50 (Email: test@test.com)
[2026-05-13T14:11:24.407991300] Dispatched: OFFER_RECEIVED for User 1 (Email: candidate@test.com)
[2026-05-13T14:12:33.741553200] Dispatched: OFFER_ACCEPTED for User 1 (Email: test@test.com)
[2026-05-13T14:12:33.790744700] Dispatched: JOINING_INSTRUCTIONS for User 1 (Email: test@test.com)
[2026-05-13T14:12:33.846328900] Dispatched: STATUS_UPDATE for User 1 (Email: null)
[2026-05-13T14:12:33.859158900] Dispatched: NEW_APPLICATION for User 20 (Email: admin@test.com)
[2026-05-13T14:12:33.932414200] Dispatched: OFFER_ACCEPTED for User 1 (Email: )
[2026-05-13T14:12:33.934528700] Dispatched: JOINING_INSTRUCTIONS for User 1 (Email: )
[2026-05-13T14:12:33.965326200] Dispatched: OFFER_ACCEPTED for User 1 (Email: test@test.com)
[2026-05-13T14:12:33.966445800] Dispatched: JOINING_INSTRUCTIONS for User 1 (Email: test@test.com)
[2026-05-13T14:12:33.979645] Dispatched: APPLICATION_SUBMITTED for User 10 (Email: candidate@test.com)
[2026-05-13T14:12:33.979645] Dispatched: NEW_APPLICATION for User 20 (Email: candidate@test.com)
[2026-05-13T14:12:33.992452200] Dispatched: OFFER_ACCEPTED for User 1 (Email: test@test.com)
[2026-05-13T14:12:33.992452200] Dispatched: JOINING_INSTRUCTIONS for User 1 (Email: test@test.com)
[2026-05-13T14:12:34.001359] Dispatched: CANDIDATE_JOINED for User 50 (Email: test@test.com)
[2026-05-13T14:12:34.021387300] Dispatched: OFFER_RECEIVED for User 1 (Email: candidate@test.com)
